// Jest Snapshot v1, https://goo.gl/fbAQLP

exports[`DetailRow.vue renders correctly 1`] = `
<div
  class="bg-white hover:bg-grey-light m-3 max-w-sm shadow-md rounded-md overflow-hidden"
>
  <div
    class="text-left p-1 sm:text-left sm:flex-grow"
  >
    <span
      class="text-sm leading-tight"
    >
      new message
    </span>
     
    <span
      class="text-xl leading-tight"
      style="float: right;"
    >
      Â¥0
    </span>
  </div>
</div>
`;
